OLIST DATA INSPECTION LOG
Generated by 01_inspect_data.py

======================================================================
TABLE: customers
======================================================================
Shape: 99,441 rows x 5 columns

Columns & dtypes:
customer_id                   str
customer_unique_id            str
customer_zip_code_prefix    int64
customer_city                 str
customer_state                str

Null counts:
No nulls.

Duplicate rows: 0

Sample (first 3 rows):
                        customer_id                customer_unique_id  customer_zip_code_prefix          customer_city customer_state
0  06b8999e2fba1a1fbc88172c00ba8bc7  861eff4711a542e4b93843c6dd7febb0                     14409                 franca             SP
1  18955e83d337fd6b2def6b18a428ac77  290c77bc529b7ac935b93aa66c333dc3                      9790  sao bernardo do campo             SP
2  4e7b3e00288586ebd08712fdd0374a03  060e732b5b29e8181a18229c7b0b2b5e                      1151              sao paulo             SP

======================================================================
TABLE: geolocation
======================================================================
Shape: 1,000,163 rows x 5 columns

Columns & dtypes:
geolocation_zip_code_prefix      int64
geolocation_lat                float64
geolocation_lng                float64
geolocation_city                   str
geolocation_state                  str

Null counts:
No nulls.

Duplicate rows: 261831

Sample (first 3 rows):
   geolocation_zip_code_prefix  geolocation_lat  geolocation_lng geolocation_city geolocation_state
0                         1037       -23.545621       -46.639292        sao paulo                SP
1                         1046       -23.546081       -46.644820        sao paulo                SP
2                         1046       -23.546129       -46.642951        sao paulo                SP

======================================================================
TABLE: order_items
======================================================================
Shape: 112,650 rows x 7 columns

Columns & dtypes:
order_id                   str
order_item_id            int64
product_id                 str
seller_id                  str
shipping_limit_date        str
price                  float64
freight_value          float64

Null counts:
No nulls.

Duplicate rows: 0

Sample (first 3 rows):
                           order_id  order_item_id                        product_id                         seller_id  shipping_limit_date  price  freight_value
0  00010242fe8c5a6d1ba2dd792cb16214              1  4244733e06e7ecb4970a6e2683c13e61  48436dade18ac8b2bce089ec2a041202  2017-09-19 09:45:35   58.9          13.29
1  00018f77f2f0320c557190d7a144bdd3              1  e5f2d52b802189ee658865ca93d83a8f  dd7ddc04e1b6c2c614352b383efe2d36  2017-05-03 11:05:13  239.9          19.93
2  000229ec398224ef6ca0657da4fc703e              1  c777355d18b72b67abbeef9df44fd0fd  5b51032eddd242adc84c38acab88f23d  2018-01-18 14:48:30  199.0          17.87

======================================================================
TABLE: order_payments
======================================================================
Shape: 103,886 rows x 5 columns

Columns & dtypes:
order_id                    str
payment_sequential        int64
payment_type                str
payment_installments      int64
payment_value           float64

Null counts:
No nulls.

Duplicate rows: 0

Sample (first 3 rows):
                           order_id  payment_sequential payment_type  payment_installments  payment_value
0  b81ef226f3fe1789b1e8b2acac839d17                   1  credit_card                     8          99.33
1  a9810da82917af2d9aefd1278f1dcfa0                   1  credit_card                     1          24.39
2  25e8ea4e93396b6fa0d3dd708e76c1bd                   1  credit_card                     1          65.71

======================================================================
TABLE: order_reviews
======================================================================
Shape: 99,224 rows x 7 columns

Columns & dtypes:
review_id                    str
order_id                     str
review_score               int64
review_comment_title         str
review_comment_message       str
review_creation_date         str
review_answer_timestamp      str

Null counts:
review_comment_title      87656
review_comment_message    58247

Duplicate rows: 0

Sample (first 3 rows):
                          review_id                          order_id  review_score review_comment_title review_comment_message review_creation_date review_answer_timestamp
0  7bc2406110b926393aa56f80a40eba40  73fc7af87114b39712e6da79b0a377eb             4                  NaN                    NaN  2018-01-18 00:00:00     2018-01-18 21:46:59
1  80e641a11e56f04c1ad469d5645fdfde  a548910a1c6147796b98fdf73dbeba33             5                  NaN                    NaN  2018-03-10 00:00:00     2018-03-11 03:05:13
2  228ce5500dc1d8e020d8d1322874b6f0  f9e4b658b201a9f2ecdecbb34bed034b             5                  NaN                    NaN  2018-02-17 00:00:00     2018-02-18 14:36:24

======================================================================
TABLE: orders
======================================================================
Shape: 99,441 rows x 8 columns

Columns & dtypes:
order_id                         str
customer_id                      str
order_status                     str
order_purchase_timestamp         str
order_approved_at                str
order_delivered_carrier_date     str
order_delivered_customer_date    str
order_estimated_delivery_date    str

Null counts:
order_approved_at                 160
order_delivered_carrier_date     1783
order_delivered_customer_date    2965

Duplicate rows: 0

Sample (first 3 rows):
                           order_id                       customer_id order_status order_purchase_timestamp    order_approved_at order_delivered_carrier_date order_delivered_customer_date order_estimated_delivery_date
0  e481f51cbdc54678b7cc49136f2d6af7  9ef432eb6251297304e76186b10a928d    delivered      2017-10-02 10:56:33  2017-10-02 11:07:15          2017-10-04 19:55:00           2017-10-10 21:25:13           2017-10-18 00:00:00
1  53cdb2fc8bc7dce0b6741e2150273451  b0830fb4747a6c6d20dea0b8c802d7ef    delivered      2018-07-24 20:41:37  2018-07-26 03:24:27          2018-07-26 14:31:00           2018-08-07 15:27:45           2018-08-13 00:00:00
2  47770eb9100c2d0c44946d9cf07ec65d  41ce2a54c0b03bf3443c3d931a367089    delivered      2018-08-08 08:38:49  2018-08-08 08:55:23          2018-08-08 13:50:00           2018-08-17 18:06:29           2018-09-04 00:00:00

======================================================================
TABLE: products
======================================================================
Shape: 32,951 rows x 9 columns

Columns & dtypes:
product_id                        str
product_category_name             str
product_name_lenght           float64
product_description_lenght    float64
product_photos_qty            float64
product_weight_g              float64
product_length_cm             float64
product_height_cm             float64
product_width_cm              float64

Null counts:
product_category_name         610
product_name_lenght           610
product_description_lenght    610
product_photos_qty            610
product_weight_g                2
product_length_cm               2
product_height_cm               2
product_width_cm                2

Duplicate rows: 0

Sample (first 3 rows):
                         product_id product_category_name  product_name_lenght  product_description_lenght  product_photos_qty  product_weight_g  product_length_cm  product_height_cm  product_width_cm
0  1e9e8ef04dbcff4541ed26657ea517e5            perfumaria                 40.0                       287.0                 1.0             225.0               16.0               10.0              14.0
1  3aa071139cb16b67ca9e5dea641aaa2f                 artes                 44.0                       276.0                 1.0            1000.0               30.0               18.0              20.0
2  96bd76ec8810374ed1b65e291975717f         esporte_lazer                 46.0                       250.0                 1.0             154.0               18.0                9.0              15.0

======================================================================
TABLE: sellers
======================================================================
Shape: 3,095 rows x 4 columns

Columns & dtypes:
seller_id                   str
seller_zip_code_prefix    int64
seller_city                 str
seller_state                str

Null counts:
No nulls.

Duplicate rows: 0

Sample (first 3 rows):
                          seller_id  seller_zip_code_prefix     seller_city seller_state
0  3442f8959a84dea7ee197c632cb2df15                   13023        campinas           SP
1  d1b65fc7debc3361ea86b5f14c68d2e2                   13844      mogi guacu           SP
2  ce3ad9de960102d0677a81f5d0bb7b2d                   20031  rio de janeiro           RJ

======================================================================
TABLE: category_translation
======================================================================
Shape: 71 rows x 2 columns

Columns & dtypes:
product_category_name            str
product_category_name_english    str

Null counts:
No nulls.

Duplicate rows: 0

Sample (first 3 rows):
    product_category_name product_category_name_english
0            beleza_saude                 health_beauty
1  informatica_acessorios         computers_accessories
2              automotivo                          auto

======================================================================
SUMMARY
======================================================================
customers                     99,441 rows x   5 cols
geolocation                1,000,163 rows x   5 cols
order_items                  112,650 rows x   7 cols
order_payments               103,886 rows x   5 cols
order_reviews                 99,224 rows x   7 cols
orders                        99,441 rows x   8 cols
products                      32,951 rows x   9 cols
sellers                        3,095 rows x   4 cols
category_translation              71 rows x   2 cols
