OLIST SQLITE LOAD LOG
Generated by 02_load_to_sqlite.py

[OK] Loaded raw_customers                  <- customers.csv                  (99,441 rows, 5 cols)
[OK] Loaded raw_geolocation                <- geolocation.csv                (1,000,163 rows, 5 cols)
[OK] Loaded raw_order_items                <- order_items.csv                (112,650 rows, 7 cols)
[OK] Loaded raw_order_payments             <- order_payments.csv             (103,886 rows, 5 cols)
[OK] Loaded raw_order_reviews              <- order_reviews.csv              (99,224 rows, 7 cols)
[OK] Loaded raw_orders                     <- orders.csv                     (99,441 rows, 8 cols)
[OK] Loaded raw_products                   <- products.csv                   (32,951 rows, 9 cols)
[OK] Loaded raw_sellers                    <- sellers.csv                    (3,095 rows, 4 cols)
[OK] Loaded raw_category_translation       <- category_translation.csv       (71 rows, 2 cols)

Verification (row counts from SQLite):
  raw_customers                      99,441 rows
  raw_geolocation                 1,000,163 rows
  raw_order_items                   112,650 rows
  raw_order_payments                103,886 rows
  raw_order_reviews                  99,224 rows
  raw_orders                         99,441 rows
  raw_products                       32,951 rows
  raw_sellers                         3,095 rows
  raw_category_translation               71 rows