SQL EXECUTION LOG
Generated by 03_run_sql.py

[OK] 01_cleaning.sql                executed in 0.01s
[OK] 02_sales_analysis.sql          executed in 0.00s
[OK] 03_logistics_analysis.sql      executed in 0.00s
[OK] 04_customer_reviews.sql        executed in 0.00s

Total views in database: 20
  - _geo_avg
  - _geo_mode
  - clean_geolocation
  - clean_order_items
  - clean_orders
  - clean_payments
  - clean_products
  - clean_reviews
  - logistics_delay_distribution
  - logistics_delivery_by_state
  - logistics_freight_ratio
  - logistics_route_performance
  - reviews_score_by_category
  - reviews_score_by_delay
  - reviews_score_by_payment
  - reviews_score_distribution
  - sales_by_category
  - sales_by_state
  - sales_monthly_trend
  - sales_payment_breakdown